section	scope_statement
EXPLORATORY_SCOPE	Descriptive purchasing, sales, product, category, channel, payment, and customer-order behavior only.
section
OVERALL_COMPLETED_ORDER_PROFILE
completed_orders	customers_with_completed_orders	completed_units	completed_line_revenue	average_order_value	average_units_per_order
35500	7247	312038	54706775.88	1541.04	8.79
section
MONTHLY_COMPLETED_ORDER_TREND
order_month	completed_orders	purchasing_customers	units	revenue	average_order_value	previous_month_revenue	revenue_change	revenue_direction
2024-01-01	459	436	4026	802889.32	1749.21	NULL	NULL	Baseline month
2024-02-01	523	491	4605	839214.43	1604.62	802889.32	36325.11	Increase
2024-03-01	589	553	5053	929902.96	1578.78	839214.43	90688.53	Increase
2024-04-01	644	612	5681	1053726.61	1636.22	929902.96	123823.65	Increase
2024-05-01	756	691	6461	1142823.73	1511.67	1053726.61	89097.12	Increase
2024-06-01	764	701	6651	1185565.98	1551.79	1142823.73	42742.25	Increase
2024-07-01	651	564	5503	987934.06	1517.56	1185565.98	-197631.92	Decrease
2024-08-01	716	623	6388	1193226.56	1666.52	987934.06	205292.50	Increase
2024-09-01	739	643	6522	1181735.48	1599.10	1193226.56	-11491.08	Decrease
2024-10-01	873	764	7563	1351634.44	1548.26	1181735.48	169898.96	Increase
2024-11-01	939	796	8290	1448201.60	1542.28	1351634.44	96567.16	Increase
2024-12-01	1080	901	9325	1692313.27	1566.96	1448201.60	244111.67	Increase
2025-01-01	1223	1027	10857	1957249.73	1600.37	1692313.27	264936.46	Increase
2025-02-01	1205	1011	10622	1823306.55	1513.12	1957249.73	-133943.18	Decrease
2025-03-01	1433	1171	12530	2112726.27	1474.34	1823306.55	289419.72	Increase
2025-04-01	1596	1316	14185	2438223.35	1527.71	2112726.27	325497.08	Increase
2025-05-01	2280	1946	19848	3440285.73	1508.90	2438223.35	1002062.38	Increase
2025-06-01	1734	1350	15263	2624844.41	1513.75	3440285.73	-815441.32	Decrease
2025-07-01	2098	1596	18761	3212401.95	1531.17	2624844.41	587557.54	Increase
2025-08-01	2267	1671	20008	3496964.10	1542.55	3212401.95	284562.15	Increase
2025-09-01	2555	1757	22406	3962108.33	1550.73	3496964.10	465144.23	Increase
2025-10-01	2973	1956	26470	4510328.04	1517.10	3962108.33	548219.71	Increase
2025-11-01	3486	2069	30976	5382770.48	1544.11	4510328.04	872442.44	Increase
2025-12-01	3917	2078	34044	5936398.50	1515.55	5382770.48	553628.02	Increase
section
MONTHLY_ORDER_STATUS_TREND
order_month	status_code	order_count	share_of_month_orders
2024-01-01	Cancelled	30	5.79
2024-01-01	Completed	459	88.61
2024-01-01	Pending	13	2.51
2024-01-01	Returned	16	3.09
2024-02-01	Cancelled	33	5.56
2024-02-01	Completed	523	88.20
2024-02-01	Pending	17	2.87
2024-02-01	Returned	20	3.37
2024-03-01	Cancelled	36	5.40
2024-03-01	Completed	589	88.31
2024-03-01	Pending	21	3.15
2024-03-01	Returned	21	3.15
2024-04-01	Cancelled	38	5.27
2024-04-01	Completed	644	89.32
2024-04-01	Pending	20	2.77
2024-04-01	Returned	19	2.64
2024-05-01	Cancelled	45	5.27
2024-05-01	Completed	756	88.52
2024-05-01	Pending	22	2.58
2024-05-01	Returned	31	3.63
2024-06-01	Cancelled	39	4.58
2024-06-01	Completed	764	89.78
2024-06-01	Pending	20	2.35
2024-06-01	Returned	28	3.29
2024-07-01	Cancelled	34	4.73
2024-07-01	Completed	651	90.54
2024-07-01	Pending	14	1.95
2024-07-01	Returned	20	2.78
2024-08-01	Cancelled	53	6.46
2024-08-01	Completed	716	87.32
2024-08-01	Pending	27	3.29
2024-08-01	Returned	24	2.93
2024-09-01	Cancelled	35	4.20
2024-09-01	Completed	739	88.61
2024-09-01	Pending	32	3.84
2024-09-01	Returned	28	3.36
2024-10-01	Cancelled	58	5.89
2024-10-01	Completed	873	88.63
2024-10-01	Pending	19	1.93
2024-10-01	Returned	35	3.55
2024-11-01	Cancelled	66	6.15
2024-11-01	Completed	939	87.51
2024-11-01	Pending	28	2.61
2024-11-01	Returned	40	3.73
2024-12-01	Cancelled	59	4.86
2024-12-01	Completed	1080	88.96
2024-12-01	Pending	19	1.57
2024-12-01	Returned	56	4.61
2025-01-01	Cancelled	84	6.10
2025-01-01	Completed	1223	88.82
2025-01-01	Pending	32	2.32
2025-01-01	Returned	38	2.76
2025-02-01	Cancelled	71	5.25
2025-02-01	Completed	1205	89.13
2025-02-01	Pending	34	2.51
2025-02-01	Returned	42	3.11
2025-03-01	Cancelled	100	6.17
2025-03-01	Completed	1433	88.46
2025-03-01	Pending	34	2.10
2025-03-01	Returned	53	3.27
2025-04-01	Cancelled	105	5.85
2025-04-01	Completed	1596	88.91
2025-04-01	Pending	40	2.23
2025-04-01	Returned	54	3.01
2025-05-01	Cancelled	144	5.60
2025-05-01	Completed	2280	88.65
2025-05-01	Pending	67	2.60
2025-05-01	Returned	81	3.15
2025-06-01	Cancelled	109	5.58
2025-06-01	Completed	1734	88.83
2025-06-01	Pending	39	2.00
2025-06-01	Returned	70	3.59
2025-07-01	Cancelled	154	6.44
2025-07-01	Completed	2098	87.75
2025-07-01	Pending	66	2.76
2025-07-01	Returned	73	3.05
2025-08-01	Cancelled	144	5.66
2025-08-01	Completed	2267	89.18
2025-08-01	Pending	62	2.44
2025-08-01	Returned	69	2.71
2025-09-01	Cancelled	157	5.47
2025-09-01	Completed	2555	88.99
2025-09-01	Pending	74	2.58
2025-09-01	Returned	85	2.96
2025-10-01	Cancelled	170	5.07
2025-10-01	Completed	2973	88.67
2025-10-01	Pending	94	2.80
2025-10-01	Returned	116	3.46
2025-11-01	Cancelled	207	5.30
2025-11-01	Completed	3486	89.18
2025-11-01	Pending	93	2.38
2025-11-01	Returned	123	3.15
2025-12-01	Cancelled	229	5.18
2025-12-01	Completed	3917	88.68
2025-12-01	Pending	113	2.56
2025-12-01	Returned	158	3.58
section
SALES_CHANNEL_PERFORMANCE
sales_channel_name	completed_orders	customers	units	revenue	average_order_value	revenue_share_percent
Web	16256	5752	142948	25112914.53	1544.84	45.90
Mobile App	9300	4063	81774	14320907.40	1539.88	26.18
Marketplace	6447	3858	56826	9991047.31	1549.72	18.26
Retail Store	3497	2532	30490	5281906.64	1510.41	9.65
section
PAYMENT_METHOD_PERFORMANCE
payment_method_name	completed_orders	customers	revenue	average_order_value
Credit Card	16908	5618	26047265.43	1540.53
Debit Card	9099	4376	14095402.75	1549.12
Digital Wallet	7747	4087	11895499.64	1535.50
Bank Transfer	1746	1478	2668608.06	1528.41
section
CATEGORY_PERFORMANCE
category_name	completed_orders	customers	units	revenue	revenue_per_order	revenue_share_percent
Electronics	8483	3295	33413	16871803.56	1988.90	30.84
Home & Kitchen	9350	3466	37647	8274772.36	885.00	15.13
Sports & Outdoors	6915	2900	26514	6429820.49	929.84	11.75
Garden & Tools	6095	2919	23157	5448250.86	893.89	9.96
Apparel	7527	3017	29415	4455459.06	591.93	8.14
Toys & Games	6917	3027	26773	3220407.75	465.58	5.89
Travel & Accessories	5029	2637	18719	3050258.83	606.53	5.58
Beauty & Personal Care	7001	2947	27357	2026433.87	289.45	3.70
Books & Media	6545	2801	25146	1458909.05	222.90	2.67
Office & Stationery	5329	2565	19651	1199007.41	225.00	2.19
Grocery & Gourmet	6365	2770	23929	1184441.94	186.09	2.17
Pet Supplies	5456	2538	20317	1087210.70	199.27	1.99
section
TOP_PRODUCTS_WITHIN_CATEGORY
category_name	product_id	sku	product_name	completed_orders	units	revenue	revenue_rank_within_category
Apparel	34	SKU-00034	Apparel 04	1248	3816	592312.87	1
Apparel	44	SKU-00044	Apparel 14	990	2974	588318.68	2
Apparel	42	SKU-00042	Apparel 12	843	2592	539342.14	3
Beauty & Personal Care	49	SKU-00049	Beauty & Personal Care 04	684	2117	328941.56	1
Beauty & Personal Care	58	SKU-00058	Beauty & Personal Care 13	642	1974	244552.09	2
Beauty & Personal Care	47	SKU-00047	Beauty & Personal Care 02	706	2140	232277.09	3
Books & Media	89	SKU-00089	Books & Media 14	862	2549	238610.16	1
Books & Media	87	SKU-00087	Books & Media 12	652	1987	193259.05	2
Books & Media	76	SKU-00076	Books & Media 01	863	2676	181052.77	3
Electronics	10	SKU-00010	Electronics 10	1368	4066	2624967.79	1
Electronics	1	SKU-00001	Electronics 01	1133	3390	2530603.44	2
Electronics	15	SKU-00015	Electronics 15	749	2347	1901311.74	3
Garden & Tools	158	SKU-00158	Garden & Tools 08	787	2416	764511.88	1
Garden & Tools	157	SKU-00157	Garden & Tools 07	744	2236	745674.17	2
Garden & Tools	160	SKU-00160	Garden & Tools 10	702	2154	726176.57	3
Grocery & Gourmet	115	SKU-00115	Grocery & Gourmet 10	808	2399	207896.40	1
Grocery & Gourmet	111	SKU-00111	Grocery & Gourmet 06	1016	3006	143877.85	2
Grocery & Gourmet	108	SKU-00108	Grocery & Gourmet 03	576	1644	114458.80	3
Home & Kitchen	25	SKU-00025	Home & Kitchen 10	980	3000	1126692.53	1
Home & Kitchen	18	SKU-00018	Home & Kitchen 03	1213	3611	1118767.12	2
Home & Kitchen	23	SKU-00023	Home & Kitchen 08	1049	3085	935294.98	3
Office & Stationery	139	SKU-00139	Office & Stationery 04	795	2309	213022.75	1
Office & Stationery	150	SKU-00150	Office & Stationery 15	755	2257	139077.67	2
Office & Stationery	141	SKU-00141	Office & Stationery 06	612	1847	130651.83	3
Pet Supplies	129	SKU-00129	Pet Supplies 09	508	1529	213609.40	1
Pet Supplies	126	SKU-00126	Pet Supplies 06	680	2069	126134.84	2
Pet Supplies	133	SKU-00133	Pet Supplies 13	224	652	93538.35	3
Sports & Outdoors	65	SKU-00065	Sports & Outdoors 05	621	1833	864757.19	1
Sports & Outdoors	74	SKU-00074	Sports & Outdoors 14	535	1569	740189.18	2
Sports & Outdoors	69	SKU-00069	Sports & Outdoors 09	618	1839	707870.11	3
Toys & Games	102	SKU-00102	Toys & Games 12	766	2318	567190.80	1
Toys & Games	101	SKU-00101	Toys & Games 11	947	2887	363071.66	2
Toys & Games	103	SKU-00103	Toys & Games 13	657	1990	359789.91	3
Travel & Accessories	175	SKU-00175	Travel & Accessories 10	615	1916	305533.06	1
Travel & Accessories	171	SKU-00171	Travel & Accessories 06	414	1260	297371.54	2
Travel & Accessories	169	SKU-00169	Travel & Accessories 04	344	1065	292626.81	3
section
CUSTOMER_COMPLETED_ORDER_FREQUENCY
frequency_band	customer_count	revenue	average_customer_order_value	lowest_revenue_quartile	highest_revenue_quartile
One order	2197	3404063.09	1549.41	1	3
2-4 orders	1565	4729576.78	1497.30	1	4
5-9 orders	2502	27726454.58	1553.90	2	4
10+ orders	983	18846681.43	1534.18	2	4
section
ORDER_VALUE_BANDS
order_value_band	order_count	revenue	average_order_value
Under USD 50	259	8659.34	33.43
USD 50-99.99	483	37360.45	77.35
USD 100-249.99	1899	341574.22	179.87
USD 250-499.99	4105	1545886.61	376.59
USD 500+	28754	52773295.26	1835.34
section
MONTH_OF_YEAR_PATTERN
calendar_month_number	calendar_month	completed_orders	customers	revenue	average_order_value
1	January	1682	1408	2760139.05	1640.99
2	February	1728	1427	2662520.98	1540.81
3	March	2022	1635	3042629.23	1504.76
4	April	2240	1833	3491949.96	1558.91
5	May	3036	2508	4583109.46	1509.59
6	June	2498	1896	3810410.39	1525.38
7	July	2749	1980	4200336.01	1527.95
8	August	2983	2121	4690190.66	1572.31
9	September	3294	2225	5143843.81	1561.58
10	October	3846	2466	5861962.48	1524.17
11	November	4425	2609	6830972.08	1543.72
12	December	4997	2694	7628711.77	1526.66
section
TOP_CUSTOMERS_BY_COMPLETED_REVENUE
customer_id	completed_orders	completed_units	completed_revenue	revenue_rank
7453	14	130	42634.15	1
6081	13	142	42173.89	2
1058	14	145	41727.86	3
1772	13	129	40810.47	4
2131	13	129	40542.05	5
759	13	113	39527.70	6
4365	13	137	38805.78	7
4890	14	127	38749.88	8
4668	13	112	38736.29	9
7955	12	114	38358.90	10
7228	12	121	38067.34	11
3839	14	138	37997.09	12
5629	14	136	37421.96	13
7540	12	109	37334.18	14
7257	12	124	37210.92	15
6287	13	115	37002.90	16
873	13	123	36565.34	17
7080	12	147	36511.39	18
2030	13	123	36392.87	19
4827	13	109	36058.86	20
